// Jest Snapshot v1, https://goo.gl/fbAQLP

exports[`Testing Mission 1`] = `
<canvas
  height={100}
  width={100}
/>
`;
